 
Accelerating rocket problem

At t = 1.0000e+00      y =  7.642868e+01    1.459863e+02
At t = 2.0000e+00      y =  2.798909e+02    2.557140e+02
At t = 3.0000e+00      y =  5.790104e+02    3.386308e+02
At t = 4.0000e+00      y =  9.506087e+02    4.017256e+02
At t = 5.0000e+00      y =  1.377590e+03    4.501634e+02
At t = 6.0000e+00      y =  1.847321e+03    4.877722e+02
At t = 7.0000e+00      y =  2.350450e+03    5.173955e+02
At t = 8.0000e+00      y =  2.880091e+03    5.411390e+02
At t = 9.0000e+00      y =  3.431176e+03    5.605643e+02
At t = 9.9999e+00      y =  4.000000e+03    5.768135e+02
    rootsfound[] =   0   1
At t = 1.1000e+01      y =  4.483855e+03    3.996552e+02
At t = 1.2000e+01      y =  4.814502e+03    2.684610e+02
At t = 1.3000e+01      y =  5.031823e+03    1.712647e+02
At t = 1.4000e+01      y =  5.165203e+03    9.925069e+01
At t = 1.5000e+01      y =  5.236371e+03    4.590046e+01
At t = 1.6000e+01      y =  5.261465e+03    6.372050e+00
At t = 1.6193e+01      y =  5.262073e+03   -6.572520e-13
    rootsfound[] =  -1
At t = 1.7000e+01      y =  5.252468e+03   -2.292871e+01
At t = 1.8000e+01      y =  5.218162e+03   -4.463692e+01
At t = 1.9000e+01      y =  5.165093e+03   -6.071623e+01
At t = 2.0000e+01      y =  5.098139e+03   -7.263002e+01
At t = 2.1000e+01      y =  5.020928e+03   -8.146664e+01
At t = 2.2000e+01      y =  4.936127e+03   -8.802640e+01
At t = 2.3000e+01      y =  4.845673e+03   -9.289023e+01
At t = 2.4000e+01      y =  4.750946e+03   -9.647216e+01
At t = 2.5000e+01      y =  4.653067e+03   -9.910838e+01
At t = 2.6000e+01      y =  4.552899e+03   -1.010580e+02
At t = 2.7000e+01      y =  4.451063e+03   -1.025071e+02
At t = 2.8000e+01      y =  4.347993e+03   -1.035862e+02
At t = 2.9000e+01      y =  4.243995e+03   -1.043870e+02
At t = 3.0000e+01      y =  4.139297e+03   -1.049774e+02
At t = 3.1000e+01      y =  4.034080e+03   -1.054124e+02
At t = 3.2000e+01      y =  3.928490e+03   -1.057355e+02
At t = 3.3000e+01      y =  3.822627e+03   -1.059764e+02
At t = 3.4000e+01      y =  3.716562e+03   -1.061571e+02
At t = 3.5000e+01      y =  3.610364e+03   -1.062975e+02
At t = 3.6000e+01      y =  3.504042e+03   -1.064009e+02
At t = 3.7000e+01      y =  3.397655e+03   -1.064850e+02
At t = 3.8000e+01      y =  3.291202e+03   -1.065489e+02
At t = 3.9000e+01      y =  3.184662e+03   -1.065871e+02
At t = 4.0000e+01      y =  3.078079e+03   -1.066121e+02
At t = 4.1000e+01      y =  2.971458e+03   -1.066258e+02
At t = 4.2000e+01      y =  2.864822e+03   -1.066350e+02
At t = 4.3000e+01      y =  2.758163e+03   -1.066374e+02
At t = 4.4000e+01      y =  2.651499e+03   -1.066381e+02
At t = 4.5000e+01      y =  2.544845e+03   -1.066418e+02
At t = 4.6000e+01      y =  2.438178e+03   -1.066419e+02
At t = 4.7000e+01      y =  2.331517e+03   -1.066435e+02
At t = 4.8000e+01      y =  2.224864e+03   -1.066475e+02
At t = 4.9000e+01      y =  2.118209e+03   -1.066510e+02
At t = 5.0000e+01      y =  2.011554e+03   -1.066547e+02
At t = 5.1000e+01      y =  1.904899e+03   -1.066582e+02
At t = 5.2000e+01      y =  1.798245e+03   -1.066618e+02
At t = 5.3000e+01      y =  1.691587e+03   -1.066644e+02
At t = 5.4000e+01      y =  1.584925e+03   -1.066658e+02
At t = 5.5000e+01      y =  1.478262e+03   -1.066670e+02
At t = 5.6000e+01      y =  1.371597e+03   -1.066675e+02
At t = 5.7000e+01      y =  1.264930e+03   -1.066674e+02
At t = 5.8000e+01      y =  1.158262e+03   -1.066671e+02
At t = 5.9000e+01      y =  1.051595e+03   -1.066668e+02
At t = 6.0000e+01      y =  9.449268e+02   -1.066664e+02
At t = 6.1000e+01      y =  8.382590e+02   -1.066661e+02
At t = 6.2000e+01      y =  7.315920e+02   -1.066660e+02
At t = 6.3000e+01      y =  6.249240e+02   -1.066656e+02
At t = 6.4000e+01      y =  5.182557e+02   -1.066651e+02
At t = 6.5000e+01      y =  4.115877e+02   -1.066647e+02
At t = 6.6000e+01      y =  3.049204e+02   -1.066645e+02
At t = 6.7000e+01      y =  1.982541e+02   -1.066646e+02
At t = 6.8000e+01      y =  9.158793e+01   -1.066647e+02
At t = 6.9000e+01      y = -1.507916e+01   -1.066646e+02

Final Statistics:
nst = 57     nfe  = 79     nsetups = 13     nfeLS = 0      nje =  2
nni = 76     ncfn = 0      netf = 2      nge = 132
 
