    
 Finished initialization, starting time steps
    
       t          c1  (bottom left      middle       top right)  | lnst  lh
       t          c2  (bottom left      middle       top right)  | lnst  lh
  -----------------------------------------------------------------------------------
    7.200000E+03    1.839591E+04    3.009355E+04    1.582807E+04    219  1.482142E+02
                    4.440256E+11    7.263896E+11    3.820433E+11
    1.440000E+04    1.149786E+07    1.248988E+07    1.330015E+07    251  3.401509E+02
                    4.473958E+11    4.861855E+11    5.178688E+11
    2.160000E+04    2.525118E+07    7.837599E+07    3.018988E+07    273  5.810821E+02
                    2.824074E+11    9.233224E+11    3.419869E+11
    2.880000E+04    1.189254E+07    2.395875E+07    1.042544E+07    286  4.295154E+02
                    4.627711E+11    9.345410E+11    4.054121E+11
    3.600000E+04    2.342997E+04    2.291356E+04    2.522357E+04    307  1.620210E+02
                    5.651789E+11    5.527220E+11    6.084463E+11
    4.320000E+04    1.289981E-06    4.473137E-06    2.030288E-06    365  3.212763E+02
                    3.689184E+11    8.238108E+11    4.623765E+11
    5.040000E+04    3.709274E-11   -5.293941E-10   -3.169076E-10    377  6.314067E+02
                    3.862504E+11    1.017921E+12    3.536557E+11
    5.760000E+04   -2.253257E-10    8.503836E-11    3.644097E-11    389  6.314067E+02
                    5.833374E+11    6.186558E+11    5.789938E+11
    6.480000E+04    5.741055E-11    2.553086E-10   -2.037594E-10    400  6.314067E+02
                    4.273255E+11    6.790154E+11    5.385656E+11
    7.200000E+04   -4.807176E-12    5.287939E-12   -3.916846E-12    412  6.314067E+02
                    3.453902E+11    1.030292E+12    3.448108E+11
    7.920000E+04   -4.400458E-15    4.689137E-15   -3.483263E-15    423  6.314067E+02
                    5.452228E+11    7.327694E+11    5.110986E+11
    8.640000E+04   -8.597286E-19    9.282240E-19   -6.627089E-19    434  6.314067E+02
                    5.089410E+11    5.756469E+11    5.984599E+11
  -----------------------------------------------------------------------------------
  
  General Solver Stats:
    Total internal steps taken      =      434
    Total rhs function call         =      547
    Total num preconditioner evals  =        8
    Total num preconditioner solves =     1032
    Num error test failures         =       22
    Num nonlinear solver iters      =      544
    Num linear solver iters         =      543
    Avg Krylov subspace dim         =  9.981618E-01
    Num nonlinear solver fails      =        0
    Num linear solver fails         =        0
    main solver real/int workspace sizes   =     2689          53
    linear solver real/int workspace sizes =     2454          42
  
