
3-species kinetics problem

At t = 2.6391e-01      y =  9.899653e-01    3.470564e-05    1.000000e-02
    rootsfound[] =   0   1
At t = 4.0000e-01      y =  9.851641e-01    3.386242e-05    1.480205e-02
At t = 4.0000e+00      y =  9.055097e-01    2.240338e-05    9.446793e-02
At t = 4.0000e+01      y =  7.158016e-01    9.185043e-06    2.841892e-01
At t = 4.0000e+02      y =  4.505209e-01    3.222826e-06    5.494759e-01
At t = 4.0000e+03      y =  1.832142e-01    8.943215e-07    8.167849e-01
At t = 4.0000e+04      y =  3.898242e-02    1.621725e-07    9.610174e-01
At t = 4.0000e+05      y =  4.937848e-03    1.984828e-08    9.950621e-01
At t = 4.0000e+06      y =  5.168286e-04    2.068361e-09    9.994832e-01
At t = 2.0800e+07      y =  1.000000e-04    4.000394e-10    9.999000e-01
    rootsfound[] =  -1   0
At t = 4.0000e+07      y =  5.201851e-05    2.080846e-10    9.999480e-01
At t = 4.0000e+08      y =  5.205538e-06    2.082226e-11    9.999948e-01
At t = 4.0000e+09      y =  5.231456e-07    2.092583e-12    9.999995e-01
At t = 4.0000e+10      y =  5.624037e-08    2.249615e-13    9.999999e-01

Final Statistics:
nst = 543    nfe = 760    nsetups = 111    nje = 12
nni = 757    nnf = 4      netf = 23        ncfn = 0      nge = 578
nfeLS = 36

