
Robertson ODE test problem:
    initial conditions:  u0 = 1,  v0 = 0,  w0 = 0
        t           u           v           w
   --------------------------------------------------
   0.000e+00   1.00000e+00   0.00000e+00   0.00000e+00
   1.000e+09   2.08308e-06   8.33326e-12   9.99998e-01
   2.000e+09   1.04151e-06   4.16423e-12   9.99999e-01
   3.000e+09   6.94342e-07   2.77232e-12   9.99999e-01
   4.000e+09   5.20774e-07   2.08593e-12   9.99999e-01
   5.000e+09   4.16544e-07   1.66277e-12   1.00000e+00
   6.000e+09   3.47206e-07   1.39090e-12   1.00000e+00
   7.000e+09   2.97573e-07   1.19188e-12   1.00000e+00
   8.000e+09   2.60402e-07   1.04108e-12   1.00000e+00
   9.000e+09   2.31414e-07   9.26472e-13   1.00000e+00
   1.000e+10   2.08359e-07   8.33565e-13   1.00000e+00
   1.100e+10   1.89358e-07   7.55816e-13   1.00000e+00
   1.200e+10   1.73556e-07   6.93823e-13   1.00000e+00
   1.300e+10   1.60262e-07   6.41576e-13   1.00000e+00
   1.400e+10   1.48815e-07   5.94127e-13   1.00000e+00
   1.500e+10   1.38851e-07   5.52802e-13   1.00000e+00
   1.600e+10   1.30162e-07   5.17513e-13   1.00000e+00
   1.700e+10   1.22534e-07   4.87677e-13   1.00000e+00
   1.800e+10   1.15756e-07   4.62713e-13   1.00000e+00
   1.900e+10   1.09650e-07   4.40765e-13   1.00000e+00
   2.000e+10   1.04141e-07   4.19799e-13   1.00000e+00
   2.100e+10   9.91669e-08   3.99902e-13   1.00000e+00
   2.200e+10   9.46633e-08   3.81180e-13   1.00000e+00
   2.300e+10   9.05668e-08   3.63739e-13   1.00000e+00
   2.400e+10   8.68138e-08   3.47683e-13   1.00000e+00
   2.500e+10   8.33432e-08   3.33079e-13   1.00000e+00
   2.600e+10   8.01249e-08   3.19692e-13   1.00000e+00
   2.700e+10   7.71417e-08   3.07401e-13   1.00000e+00
   2.800e+10   7.43750e-08   2.96127e-13   1.00000e+00
   2.900e+10   7.18063e-08   2.85791e-13   1.00000e+00
   3.000e+10   6.94169e-08   2.76315e-13   1.00000e+00
   3.100e+10   6.71883e-08   2.67619e-13   1.00000e+00
   3.200e+10   6.51020e-08   2.59627e-13   1.00000e+00
   3.300e+10   6.31394e-08   2.52258e-13   1.00000e+00
   3.400e+10   6.12830e-08   2.45412e-13   1.00000e+00
   3.500e+10   5.95259e-08   2.38878e-13   1.00000e+00
   3.600e+10   5.78635e-08   2.32613e-13   1.00000e+00
   3.700e+10   5.62905e-08   2.26600e-13   1.00000e+00
   3.800e+10   5.48018e-08   2.20824e-13   1.00000e+00
   3.900e+10   5.33920e-08   2.15270e-13   1.00000e+00
   4.000e+10   5.20561e-08   2.09921e-13   1.00000e+00
   4.100e+10   5.07887e-08   2.04764e-13   1.00000e+00
   4.200e+10   4.95847e-08   1.99782e-13   1.00000e+00
   4.300e+10   4.84388e-08   1.94960e-13   1.00000e+00
   4.400e+10   4.73457e-08   1.90283e-13   1.00000e+00
   4.500e+10   4.63003e-08   1.85734e-13   1.00000e+00
   4.600e+10   4.52974e-08   1.81300e-13   1.00000e+00
   4.700e+10   4.43328e-08   1.76999e-13   1.00000e+00
   4.800e+10   4.34058e-08   1.72904e-13   1.00000e+00
   4.900e+10   4.25152e-08   1.69011e-13   1.00000e+00
   5.000e+10   4.16595e-08   1.65314e-13   1.00000e+00
   5.100e+10   4.08373e-08   1.61805e-13   1.00000e+00
   5.200e+10   4.00472e-08   1.58476e-13   1.00000e+00
   5.300e+10   3.92879e-08   1.55322e-13   1.00000e+00
   5.400e+10   3.85578e-08   1.52333e-13   1.00000e+00
   5.500e+10   3.78556e-08   1.49505e-13   1.00000e+00
   5.600e+10   3.71798e-08   1.46828e-13   1.00000e+00
   5.700e+10   3.65292e-08   1.44296e-13   1.00000e+00
   5.800e+10   3.59022e-08   1.41902e-13   1.00000e+00
   5.900e+10   3.52974e-08   1.39638e-13   1.00000e+00
   6.000e+10   3.47135e-08   1.37498e-13   1.00000e+00
   6.100e+10   3.41490e-08   1.35475e-13   1.00000e+00
   6.200e+10   3.36025e-08   1.33560e-13   1.00000e+00
   6.300e+10   3.30726e-08   1.31747e-13   1.00000e+00
   6.400e+10   3.25579e-08   1.30029e-13   1.00000e+00
   6.500e+10   3.20572e-08   1.28387e-13   1.00000e+00
   6.600e+10   3.15703e-08   1.26741e-13   1.00000e+00
   6.700e+10   3.10971e-08   1.25078e-13   1.00000e+00
   6.800e+10   3.06371e-08   1.23401e-13   1.00000e+00
   6.900e+10   3.01901e-08   1.21716e-13   1.00000e+00
   7.000e+10   2.97557e-08   1.20027e-13   1.00000e+00
   7.100e+10   2.93335e-08   1.18338e-13   1.00000e+00
   7.200e+10   2.89232e-08   1.16654e-13   1.00000e+00
   7.300e+10   2.85243e-08   1.14979e-13   1.00000e+00
   7.400e+10   2.81366e-08   1.13317e-13   1.00000e+00
   7.500e+10   2.77596e-08   1.11674e-13   1.00000e+00
   7.600e+10   2.73930e-08   1.10053e-13   1.00000e+00
   7.700e+10   2.70365e-08   1.08460e-13   1.00000e+00
   7.800e+10   2.66897e-08   1.06897e-13   1.00000e+00
   7.900e+10   2.63522e-08   1.05371e-13   1.00000e+00
   8.000e+10   2.60237e-08   1.03885e-13   1.00000e+00
   8.100e+10   2.57038e-08   1.02443e-13   1.00000e+00
   8.200e+10   2.53921e-08   1.01051e-13   1.00000e+00
   8.300e+10   2.50883e-08   9.97123e-14   1.00000e+00
   8.400e+10   2.47921e-08   9.84317e-14   1.00000e+00
   8.500e+10   2.45030e-08   9.72135e-14   1.00000e+00
   8.600e+10   2.42207e-08   9.60622e-14   1.00000e+00
   8.700e+10   2.39449e-08   9.49822e-14   1.00000e+00
   8.800e+10   2.36751e-08   9.39781e-14   1.00000e+00
   8.900e+10   2.34110e-08   9.30542e-14   1.00000e+00
   9.000e+10   2.31524e-08   9.22149e-14   1.00000e+00
   9.100e+10   2.28987e-08   9.14648e-14   1.00000e+00
   9.200e+10   2.26498e-08   9.07732e-14   1.00000e+00
   9.300e+10   2.24061e-08   9.00014e-14   1.00000e+00
   9.400e+10   2.21677e-08   8.91505e-14   1.00000e+00
   9.500e+10   2.19343e-08   8.82391e-14   1.00000e+00
   9.600e+10   2.17057e-08   8.72856e-14   1.00000e+00
   9.700e+10   2.14819e-08   8.63086e-14   1.00000e+00
   9.800e+10   2.12627e-08   8.53267e-14   1.00000e+00
   9.900e+10   2.10479e-08   8.43582e-14   1.00000e+00
   1.000e+11   2.08374e-08   8.34217e-14   1.00000e+00
   --------------------------------------------------

Final Statistics:
Current time                  = 101466297529.284
Steps                         = 99
Step attempts                 = 101
Stability limited steps       = 0
Accuracy limited steps        = 100
Error test fails              = 1
NLS step fails                = 1
Inequality constraint fails   = 0
Initial step size             = 1e-08
Last step size                = 10056145446.6531
Current step size             = 10056145446.6531
Explicit RHS fn evals         = 0
Implicit RHS fn evals         = 3828
NLS iters                     = 3324
NLS fails                     = 42
NLS iters per step            = 33.5757575757576
LS setups                     = 138
Jac fn evals                  = 43
LS RHS fn evals               = 0
Prec setup evals              = 0
Prec solves                   = 0
LS iters                      = 0
LS fails                      = 0
Jac-times setups              = 0
Jac-times evals               = 0
LS iters per NLS iter         = 0
Jac evals per NLS iter        = 0.0129362214199759
Prec evals per NLS iter       = 0
