
Brusselator ODE test problem:
    initial conditions:  u0 = 1.2,  v0 = 3.1,  w0 = 3
    problem parameters:  a = 1,  b = 3.5,  ep = 5e-06
    reltol = 1.0e-06,  abstol = 1.0e-10

        t           u           v           w
   -------------------------------------------
    0.000000    1.200000    3.100000    3.000000
    1.000000    1.103852    3.013146    3.499981
    2.000000    0.687969    3.521408    3.499988
    3.000000    0.409454    4.277927    3.499993
    4.000000    0.367888    4.942040    3.499994
    5.000000    0.413859    5.510654    3.499993
    6.000000    0.589236    5.855711    3.499990
    7.000000    4.756658    0.735408    3.499917
    8.000000    1.813541    1.575726    3.499968
    9.000000    0.527942    2.807335    3.499991
   10.000000    0.305609    3.657368    3.499995
   -------------------------------------------

Final Statistics:
Current time                  = 10.0012625740025
Steps                         = 821
Step attempts                 = 825
Stability limited steps       = 248
Accuracy limited steps        = 825
Error test fails              = 4
NLS step fails                = 0
Inequality constraint fails   = 0
Initial step size             = 1.13978962117636e-08
Last step size                = 0.020737468701875
Current step size             = 0.0210884918677079
RHS fn evals                  = 100668
Number of dom_eig updates     = 1
Max. num. of stages used      = 199
Max. num. of stages allowed   = 200
Max. spectral radius          = 808004.848070097
Min. spectral radius          = 808004.848070097