
Robertson ODE test problem:
    initial conditions:  u0 = 1,  v0 = 0,  w0 = 0
        t           u           v           w
   --------------------------------------------------
   0.000e+00   1.00000e+00   0.00000e+00   0.00000e+00
   1.000e+09   2.08328e-06   7.41349e-12   9.99998e-01
   2.000e+09   1.04173e-06   4.30497e-12   9.99999e-01
   3.000e+09   6.94471e-07   2.78152e-12   9.99999e-01
   4.000e+09   5.20848e-07   2.17060e-12   9.99999e-01
   5.000e+09   4.16677e-07   1.18006e-12   1.00000e+00
   6.000e+09   3.47228e-07   1.45514e-12   1.00000e+00
   7.000e+09   2.97624e-07   7.99371e-13   1.00000e+00
   8.000e+09   2.60422e-07   1.13018e-12   1.00000e+00
   9.000e+09   2.31486e-07   3.76295e-13   1.00000e+00
   1.000e+10   2.08337e-07   8.53161e-13   1.00000e+00
   1.100e+10   1.89397e-07   7.39238e-13   1.00000e+00
   1.200e+10   1.73614e-07   6.87161e-13   1.00000e+00
   1.300e+10   1.60259e-07   6.23168e-13   1.00000e+00
   1.400e+10   1.48811e-07   6.11123e-13   1.00000e+00
   1.500e+10   1.38890e-07   5.59618e-13   1.00000e+00
   1.600e+10   1.30210e-07   5.20652e-13   1.00000e+00
   1.700e+10   1.22550e-07   4.79487e-13   1.00000e+00
   1.800e+10   1.15742e-07   4.62854e-13   1.00000e+00
   1.900e+10   1.09650e-07   4.33289e-13   1.00000e+00
   2.000e+10   1.04168e-07   4.15492e-13   1.00000e+00
   2.100e+10   9.92073e-08   3.77402e-13   1.00000e+00
   2.200e+10   9.46977e-08   4.07527e-13   1.00000e+00
   2.300e+10   9.05806e-08   3.69226e-13   1.00000e+00
   2.400e+10   8.68061e-08   3.22319e-13   1.00000e+00
   2.500e+10   8.33341e-08   3.15701e-13   1.00000e+00
   2.600e+10   8.01288e-08   3.39899e-13   1.00000e+00
   2.700e+10   7.71611e-08   3.17638e-13   1.00000e+00
   2.800e+10   7.44054e-08   2.95216e-13   1.00000e+00
   2.900e+10   7.18394e-08   2.80567e-13   1.00000e+00
   3.000e+10   6.94450e-08   2.73658e-13   1.00000e+00
   3.100e+10   6.72048e-08   2.72942e-13   1.00000e+00
   3.200e+10   6.51045e-08   2.60967e-13   1.00000e+00
   3.300e+10   6.31319e-08   2.51454e-13   1.00000e+00
   3.400e+10   6.12748e-08   2.74510e-13   1.00000e+00
   3.500e+10   5.95239e-08   3.17441e-13   1.00000e+00
   3.600e+10   5.78707e-08   3.02598e-13   1.00000e+00
   3.700e+10   5.63068e-08   1.72500e-13   1.00000e+00
   3.800e+10   5.48249e-08   9.67759e-14   1.00000e+00
   3.900e+10   5.34192e-08   1.12223e-13   1.00000e+00
   4.000e+10   5.20838e-08   1.95908e-13   1.00000e+00
   4.100e+10   5.08132e-08   3.02949e-13   1.00000e+00
   4.200e+10   4.96031e-08   3.72628e-13   1.00000e+00
   4.300e+10   4.84496e-08   3.73087e-13   1.00000e+00
   4.400e+10   4.73487e-08   2.72755e-13   1.00000e+00
   4.500e+10   4.62967e-08   1.50901e-13   1.00000e+00
   4.600e+10   4.52902e-08   1.96841e-13   1.00000e+00
   4.700e+10   4.43266e-08   1.46385e-13   1.00000e+00
   4.800e+10   4.34031e-08   1.79015e-13   1.00000e+00
   4.900e+10   4.25172e-08   2.75449e-13   1.00000e+00
   5.000e+10   4.16677e-08  -5.11499e-13   1.00000e+00
   5.100e+10   4.08501e-08   9.23843e-14   1.00000e+00
   5.200e+10   4.00644e-08   2.05581e-13   1.00000e+00
   5.300e+10   3.93085e-08   1.04854e-13   1.00000e+00
   5.400e+10   3.85802e-08   5.05387e-13   1.00000e+00
   5.500e+10   3.78791e-08   1.50232e-13   1.00000e+00
   5.600e+10   3.72026e-08   1.82012e-13   1.00000e+00
   5.700e+10   3.65500e-08   1.34464e-13   1.00000e+00
   5.800e+10   3.59198e-08   1.42505e-13   1.00000e+00
   5.900e+10   3.53109e-08   1.69435e-13   1.00000e+00
   6.000e+10   3.47225e-08   1.30860e-13   1.00000e+00
   6.100e+10   3.41532e-08   1.58824e-13   1.00000e+00
   6.200e+10   3.36029e-08  -4.19663e-13   1.00000e+00
   6.300e+10   3.30696e-08  -4.68759e-13   1.00000e+00
   6.400e+10   3.25524e-08  -1.09676e-14   1.00000e+00
   6.500e+10   3.20515e-08   1.31952e-13   1.00000e+00
   6.600e+10   3.15659e-08   1.12276e-13   1.00000e+00
   6.700e+10   3.10947e-08   1.04719e-13   1.00000e+00
   6.800e+10   3.06375e-08   1.14779e-13   1.00000e+00
   6.900e+10   3.01934e-08   1.22756e-13   1.00000e+00
   7.000e+10   2.97621e-08   1.26399e-13   1.00000e+00
   7.100e+10   2.93429e-08   1.24808e-13   1.00000e+00
   7.200e+10   2.89354e-08   1.13534e-13   1.00000e+00
   7.300e+10   2.85390e-08   8.76307e-14   1.00000e+00
   7.400e+10   2.81534e-08   6.44234e-14   1.00000e+00
   7.500e+10   2.77780e-08   6.90065e-14   1.00000e+00
   7.600e+10   2.74124e-08   1.22651e-13   1.00000e+00
   7.700e+10   2.70564e-08   1.28799e-13   1.00000e+00
   7.800e+10   2.67096e-08   8.66276e-14   1.00000e+00
   7.900e+10   2.63715e-08   6.52220e-14   1.00000e+00
   8.000e+10   2.60418e-08   1.20624e-13   1.00000e+00
   8.100e+10   2.57203e-08   1.02675e-13   1.00000e+00
   8.200e+10   2.54067e-08   1.02992e-13   1.00000e+00
   8.300e+10   2.51006e-08   9.98598e-14   1.00000e+00
   8.400e+10   2.48017e-08   9.84143e-14   1.00000e+00
   8.500e+10   2.45100e-08   1.02325e-13   1.00000e+00
   8.600e+10   2.42250e-08   8.34520e-14   1.00000e+00
   8.700e+10   2.39465e-08   8.79936e-14   1.00000e+00
   8.800e+10   2.36744e-08   1.00671e-13   1.00000e+00
   8.900e+10   2.34084e-08   9.03397e-14   1.00000e+00
   9.000e+10   2.31482e-08   1.42711e-13   1.00000e+00
   9.100e+10   2.28938e-08   1.63021e-13   1.00000e+00
   9.200e+10   2.26452e-08  -9.86136e-16   1.00000e+00
   9.300e+10   2.24018e-08  -1.24024e-13   1.00000e+00
   9.400e+10   2.21632e-08   1.01109e-13   1.00000e+00
   9.500e+10   2.19300e-08   6.58276e-14   1.00000e+00
   9.600e+10   2.17015e-08   9.06919e-14   1.00000e+00
   9.700e+10   2.14778e-08   8.27492e-14   1.00000e+00
   9.800e+10   2.12586e-08   9.07760e-14   1.00000e+00
   9.900e+10   2.10439e-08   8.14670e-14   1.00000e+00
   1.000e+11   2.08335e-08   8.36338e-14   1.00000e+00
   --------------------------------------------------

Final Solver Statistics:
   Internal solver steps = 178 (attempted = 303)
   Total RHS evals:  Fe = 0,  Fi = 7135
   Total linear solver setups = 341
   Total RHS evals for setting up the linear system = 0
   Total number of Jacobian evaluations = 241
   Total number of Newton iterations = 6156
   Total number of nonlinear solver convergence failures = 240
   Total number of error test failures = 0
   Total number of constraint test failures = 0
   Total number of failed steps from solver failure = 125
   