Solve the nonlinear system:
    4x    - sin(y) - zi     - 1  = 0
   -x^2   + 5y     - cos(z) - 2i = 0
   -e^-x  - y      + 6z     - 3  = 0
Analytic solution:
    x = 0.284431  + 0.270317I
    y = 0.161171  + 0.426222I
    z = 0.647715  + 0.037549I
Solution method: Anderson accelerated fixed point iteration.
    tolerance    = 1.49012e-06
    max iters    = 30
    m_aa         = 0
    delay_aa     = 0
    damping_aa   = 1
    damping_fp   = 0.5
    damping_fn   = OFF
    depth_fn     = OFF
    orth routine = 0

Final Statistics:
Number of nonlinear iterations:     25
Number of function evaluations:     25
Computed solution:
    x = 0.284432 + 0.270316I
    y = 0.161172 + 0.426222I
    z = 0.647715 + 0.037549I
Solution error:
    ex = 1.071169e-06 + 7.426826e-07I
    ey = 9.191729e-07 + 5.015601e-07I
    ez = 5.295634e-07 + 1.788602e-07I
PASS
