
2D Heat PDE test problem:
 ------------------------------------ 
 kx                = 10
 ky                = 10
 forcing           = 1
 tf                = 1
 xu                = 1
 yu                = 1
 nx                = 64
 ny                = 64
 dx                = 0.015873
 dy                = 0.015873
 ------------------------------------ 
 rtol              = 1e-05
 atol              = 1e-10
 fixed h           = 0
 controller        = I
 method            = 0
 eigfrequency      = 25
 stage_max_limit   = 1000
 eigsafety         = 1.01
 ------------------------------------ 
 output            = 1
 max steps         = 0
 ------------------------------------ 
 dee ID            = 1
 dee num_init_wups = 20
 dee num_succ_wups = 5
 dee_max_iters     = 100
 dee_krylov_dim    = 3
 dee_reltol        = 0.005
 ------------------------------------ 

          t                     ||u||_rms                max error      
 -----------------------------------------------------------------------
 0.000000000000000e+00    3.691406250000004e-01    0.000000000000000e+00
 5.000000000000000e-02    3.604068358264365e-01    8.104220270499507e-04
 1.000000000000000e-01    3.341701059497778e-01    7.544114150512815e-04
 1.500000000000000e-01    2.933044782323974e-01    6.651814861916572e-04
 2.000000000000000e-01    2.418101896131911e-01    5.514071298498013e-04
 2.500000000000000e-01    1.847278611302146e-01    4.242190323884842e-04
 3.000000000000000e-01    1.276450270426740e-01    2.958523061560303e-04
 3.500000000000000e-01    7.614942228526046e-02    1.790708609083203e-04
 4.000000000000000e-01    3.528179536471045e-02    8.530246665248986e-05
 4.500000000000000e-01    9.042539510483083e-03    2.369998940390805e-05
 4.999999999999999e-01    1.483065495016275e-07    3.058881635953122e-07
 5.499999999999999e-01    9.039745355428789e-03    1.742512024639417e-05
 6.000000000000000e-01    3.527649563980237e-02    7.339776132524178e-05
 6.500000000000000e-01    7.614215113315023e-02    1.627296960527436e-04
 7.000000000000001e-01    1.276364922566214e-01    2.766671250025166e-04
 7.500000000000001e-01    1.847188955827394e-01    4.040611526039406e-04
 8.000000000000002e-01    2.418017381499617e-01    5.324420936747565e-04
 8.500000000000002e-01    2.932973539542006e-01    6.492436793872347e-04
 9.000000000000002e-01    3.341649926251078e-01    7.430309014315739e-04
 9.500000000000003e-01    3.604042442537361e-01    8.046240593260201e-04
 1.000000000000000e+00    3.694466529100530e-01    8.280977890232633e-04
 -----------------------------------------------------------------------

Final integrator statistics:
Current time                  = 1
Steps                         = 484
Step attempts                 = 491
Stability limited steps       = 0
Accuracy limited steps        = 491
Error test fails              = 7
NLS step fails                = 0
Inequality constraint fails   = 0
Initial step size             = 2.87768024842547e-06
Last step size                = 7.54640545271856e-05
Current step size             = 7.54640545271856e-05
RHS fn evals                  = 15581
Number of dom_eig updates     = 23
Number of fe calls for DEE    = 231
Number of iterations for DEE  = 199
Max. num. of stages used      = 62
Max. num. of stages allowed   = 1000
Max. spectral radius          = 319975.498334854
Min. spectral radius          = 317071.270278701
  Max error = 8.280977890232633e-04