
Adaptive nested multirate nonlinear Kvaerno-Prothero-Robinson test problem:
    time domain:  (0,5]
    G = -10
    e = 0.5
    al = -1
    be = 1
    om = 50

  Slow integrator: ARKODE_MRI_GARK_ERK45a (explicit)

  Intermediate integrator: ARKODE_MRI_GARK_ERK45a (explicit)
    MRI-HTOL controller (using I for H) based on order of MRI embedding
    rtol = 0.0001, atol = 1e-11
    fast error accumulation strategy = 0

  Fast order 4
    I controller for fast time scale, based on order of RK embedding
    fast_rtol = 0.0001, atol = 1e-11
        t          u          v          w        uerr       verr       werr
   ----------------------------------------------------------------------------
    0.000000   1.581139   1.732051   1.732051   0.00e+00   0.00e+00   0.00e+00
    0.250000   1.575777   1.692266   0.986407   1.85e-06   2.75e-06   7.96e-04
    0.500000   1.560319   1.086562   1.209109   1.26e-05   7.37e-06   5.78e-04
    0.750000   1.536000   1.468494   1.250495   1.98e-05   2.34e-06   7.80e-04
    1.000000   1.504052   1.642856   1.532772   2.56e-08   1.05e-10   3.66e-08
    1.250000   1.465754   1.088374   1.082592   5.21e-05   7.11e-06   2.18e-03
    1.500000   1.422850   1.424325   1.337526   3.39e-05   5.99e-06   6.04e-04
    1.750000   1.378058   1.704289   1.348568   2.05e-05   2.69e-06   3.52e-04
    2.000000   1.332978   1.539990   0.902556   1.03e-04   2.67e-05   5.46e-03
    2.250000   1.291047   1.304434   1.091018   4.20e-08   1.65e-10   5.52e-08
    2.500000   1.254046   1.026936   0.915086   1.76e-08   1.14e-09   1.85e-07
    2.750000   1.228221   1.081973   1.587920   8.12e-05   2.29e-05   1.03e-03
    3.000000   1.215474   1.087496   1.122547   3.15e-05   4.45e-06   3.34e-04
    3.250000   1.214977   1.236534   1.628923   1.41e-05   5.95e-08   8.00e-09
    3.500000   1.229847   1.407893   1.533263   6.43e-06   5.33e-08   5.11e-06
    3.750000   1.254290   1.359255   1.394261   3.63e-05   9.48e-05   7.82e-03
    4.000000   1.287253   0.966399   1.687143   1.05e-05   2.03e-06   1.02e-03
    4.250000   1.327176   1.669875   0.951363   1.10e-05   9.38e-08   2.06e-05
    4.500000   1.371287   1.599297   1.479167   5.61e-06   2.58e-06   1.76e-04
    4.750000   1.417443   1.509872   1.160575   2.66e-04   3.37e-05   4.51e-04
    5.000000   1.460952   1.469563   1.645284   2.88e-07   5.86e-08   1.17e-05
   ----------------------------------------------------------------------------

Final Solver Statistics:
   Slow steps = 255  (attempts = 313,  fails = 58,  innerfails = 0)
   Intermediate steps = 2824  (attempts = 2968,  fails = 144,  innerfails = 0)
   Fast steps = 75641  (attempts = 106174,  fails = 30533)
   u error = 0.000110309, v error = 8.96313e-05, total error = 0.00173812
   Relative accuracy = 193.749
   Total RHS evals:  Fse = 1509, Fsi = 0, Fme = 14955, Fmi = 0, Ff = 430894