
Advection pulse problem solved with IDA:
   PDE          = u_t = u_x
   mesh points  = 201
   dx           = 0.00497512
   t0           = 0
   tf           = 1.2
   pulse start  = 0.05
   pulse width  = 0.2
   reltol       = 1e-06
   abstol       = 1e-10

  output                     t               max |u|                    L1                x peak                u(1,t)
----------------------------------------------------------------------------------------------------------------------
       0 0.000000000000000e+00 0.000000000000000e+00 0.000000000000000e+00 2.487562189054726e-03 0.000000000000000e+00
       1 9.999999999999999e-02 4.237172630365419e-01 9.086299994379005e-03 9.975124378109452e-01 4.999999999999998e-01
       2 2.000000000000000e-01 9.429506413378483e-01 9.091728809599640e-02 9.527363184079601e-01 5.000000000000010e-01
       3 3.000000000000000e-01 8.470857573630182e-01 9.999775470163744e-02 8.532338308457711e-01 0.000000000000000e+00
       4 4.000000000000000e-01 7.712378740176775e-01 9.999775470163740e-02 7.537313432835820e-01 0.000000000000000e+00
       5 5.000000000000000e-01 7.106294653920885e-01 9.999775470163748e-02 6.542288557213930e-01 0.000000000000000e+00
       6 6.000000000000000e-01 6.615460407809988e-01 9.999775470163744e-02 5.497512437810945e-01 0.000000000000000e+00
       7 7.000000000000001e-01 6.214877703936270e-01 9.999775469957710e-02 4.502487562189055e-01 0.000000000000000e+00
       8 7.999999999999999e-01 5.875821114736453e-01 9.999770448009725e-02 3.507462686567164e-01 0.000000000000000e+00
       9 8.999999999999999e-01 5.585143127600520e-01 9.995727609832303e-02 2.512437810945274e-01 0.000000000000000e+00
      10 1.000000000000000e+00 5.332605431691700e-01 9.736233815619755e-02 1.517412935323383e-01 0.000000000000000e+00
      11 1.100000000000000e+00 5.110880346225573e-01 7.318012303372849e-02 5.223880597014925e-02 0.000000000000000e+00
      12 1.200000000000000e+00 4.011979184691093e-01 2.616278579054571e-02 2.487562189054726e-03 0.000000000000000e+00

Final Solver Statistics:
   Internal solver steps = 70960
   Total residual evaluations = 70972
   Total linear solver setups = 0
   Total Jacobian evaluations = 0
   Total J-times evaluations = 163405
   Total linear iterations = 163405
   Total error test failures = 5
   Total nonlinear iterations = 70972
   Total nonlinear convergence failures = 6
   Final solution 1-norm error = 8.446833010300773e-03
