
2D Heat PDE test problem:
 --------------------------------- 
  kx             = 1
  ky             = 1
  forcing        = 1
  tf             = 1
  xu             = 1
  yu             = 1
  nx             = 32
  ny             = 32
  dx             = 0.0322581
  dy             = 0.0322581
 --------------------------------- 
  rtol           = 1e-05
  atol           = 1e-10
  order          = 3
  fixed h        = 0
  controller     = 0
  linear         = 1
 --------------------------------- 
  linear solver  = PCG
  lin iters      = 40
  eps lin        = 0
  prec           = 1
  msbp           = 0
 --------------------------------- 
  output         = 1
 --------------------------------- 

          t                     ||u||_rms                max error      
 -----------------------------------------------------------------------
 0.000000000000000e+00    3.632812500000000e-01    0.000000000000000e+00
 5.000000000000000e-02    3.551979226891034e-01    2.452507613768584e-03
 1.000000000000000e-01    3.296202766384566e-01    2.889295540516867e-03
 1.500000000000000e-01    2.894360237314865e-01    2.810073358826104e-03
 2.000000000000000e-01    2.387054052640095e-01    2.509491834368327e-03
 2.500000000000000e-01    1.824193748390502e-01    2.061356957591742e-03
 3.000000000000000e-01    1.261115174447835e-01    1.565864936280414e-03
 3.500000000000000e-01    7.529725891833131e-02    1.078017957317018e-03
 4.000000000000000e-01    3.495023046602062e-02    6.431342711468169e-04
 4.500000000000000e-01    9.022987646504780e-03    3.117884987742549e-04
 4.999999999999999e-01    5.510895410857156e-05    1.154852797185818e-04
 5.499999999999999e-01    8.919092472930176e-03    7.425291686879651e-05
 6.000000000000000e-01    3.475355567060422e-02    1.936663235466707e-04
 6.500000000000000e-01    7.502667426318911e-02    4.593338663251012e-04
 7.000000000000001e-01    1.257986506510063e-01    8.518662978251323e-04
 7.500000000000001e-01    1.820945670839831e-01    1.319141798676038e-03
 8.000000000000002e-01    2.384127108447980e-01    1.839847839151920e-03
 8.500000000000002e-01    2.892298575965047e-01    2.334508735399421e-03
 9.000000000000002e-01    3.295776915439678e-01    2.771188271181391e-03
 9.500000000000003e-01    3.555049203907756e-01    3.102306830835899e-03
 1.000000000000000e+00    3.644743585011770e-01    3.297515557150521e-03
 -----------------------------------------------------------------------

Final integrator statistics:
  Steps            = 75
  Step attempts    = 76
  Error test fails = 1
  RHS evals        = 611
  NLS iters        = 304
  NLS fails        = 0
  LS iters         = 10150
  LS fails         = 1
  LS setups        = 76
  LS RHS evals     = 10150
  Jv products      = 10150

  Avg NLS iters per step attempt = 4.000000
  Avg LS iters per NLS iter      = 33.388158

  Preconditioner setups = 2
  Preconditioner solves = 10150

  Max error = 3.297515557150521e-03
  