
2D Heat PDE test problem:
 --------------------------------- 
  kx             = 10
  ky             = 10
  forcing        = 1
  tf             = 1
  xu             = 1
  yu             = 1
  nx             = 64
  ny             = 64
  dx             = 0.015873
  dy             = 0.015873
 --------------------------------- 
  rtol           = 1e-05
  atol           = 1e-10
  fixed h        = 0
  controller     = I
  method         = 0
  eigfrequency   = 25
  stage_max_limit  = 1000
  eigsafety      = 1.01
 --------------------------------- 
  output         = 1
  max steps      = 0
 --------------------------------- 

          t                     ||u||_rms                max error      
 -----------------------------------------------------------------------
 0.000000000000000e+00    3.691406250000004e-01    0.000000000000000e+00
 5.000000000000000e-02    3.604068358927163e-01    8.104221764648756e-04
 1.000000000000000e-01    3.341701059753234e-01    7.544115115135641e-04
 1.500000000000000e-01    2.933044782203355e-01    6.651814434904813e-04
 2.000000000000000e-01    2.418101896198860e-01    5.514071511423246e-04
 2.500000000000000e-01    1.847278611305178e-01    4.242190329660778e-04
 3.000000000000000e-01    1.276450270426800e-01    2.958523061440954e-04
 3.500000000000000e-01    7.614942228923458e-02    1.790708724568602e-04
 4.000000000000000e-01    3.528179537001138e-02    8.530247741150854e-05
 4.500000000000000e-01    9.042539511535759e-03    2.369999170097337e-05
 4.999999999999999e-01    1.483064700885407e-07    3.058880645447407e-07
 5.499999999999999e-01    9.039745354755113e-03    1.742511893357973e-05
 6.000000000000000e-01    3.527649564063155e-02    7.339776416497024e-05
 6.500000000000000e-01    7.614215113696730e-02    1.627297048020504e-04
 7.000000000000001e-01    1.276364922567175e-01    2.766671249296304e-04
 7.500000000000001e-01    1.847188955827605e-01    4.040611525800153e-04
 8.000000000000002e-01    2.418017381569812e-01    5.324421138006574e-04
 8.500000000000002e-01    2.932973539535166e-01    6.492436777045807e-04
 9.000000000000002e-01    3.341649926283218e-01    7.430309101752464e-04
 9.500000000000003e-01    3.604042442503165e-01    8.046240477302957e-04
 1.000000000000000e+00    3.694466531466872e-01    8.280995104511524e-04
 -----------------------------------------------------------------------

Final integrator statistics:
Current time                  = 1
Steps                         = 484
Step attempts                 = 491
Stability limited steps       = 0
Accuracy limited steps        = 491
Error test fails              = 7
NLS step fails                = 0
Inequality constraint fails   = 0
Initial step size             = 2.87768024842547e-06
Last step size                = 4.62108847154585e-05
Current step size             = 4.62108847154585e-05
RHS fn evals                  = 15622
Number of dom_eig updates     = 23
Max. num. of stages used      = 63
Max. num. of stages allowed   = 1000
Max. spectral radius          = 320695.2
Min. spectral radius          = 320695.2
  Max error = 8.280995104511524e-04
