
Inverter chain problem solved with IDA:
   number of inverters = 200
   t0                  = 0
   tf                  = 120
   reltol              = 1e-06
   abstol              = 1e-08

    step                     t                    u0                 u_mid                u_last                min(u)                max(u)
--------------------------------------------------------------------------------------------------------------------------------------------
       0 0.000000000000000e+00 0.000000000000000e+00 0.000000000000000e+00 0.000000000000000e+00 0.000000000000000e+00 0.000000000000000e+00
       1 2.000000000000000e+01 4.846484439969909e+00 4.999999972435531e+00 6.247069508267288e-03 6.247069428806512e-03 4.999999980152310e+00
       2 4.000000000000000e+01 4.999999999683586e+00 4.580565190314820e+00 6.247069397760814e-03 6.247069397760150e-03 4.999999999999961e+00
       3 6.000000000000000e+01 4.999999999999990e+00 4.999999999135472e+00 7.699174838972516e-03 6.247069397760121e-03 4.999999999999990e+00
       4 8.000000000000000e+01 5.000000000000000e+00 5.000000000000000e+00 6.247069518497230e-03 6.247069397759827e-03 5.000000000000000e+00
       5 1.000000000000000e+02 5.000000000000000e+00 5.000000000000000e+00 6.247069398466957e-03 6.247069397759724e-03 5.000000000000000e+00
       6 1.200000000000000e+02 5.000000000000000e+00 5.000000000000000e+00 6.247069397769100e-03 6.247069397759822e-03 5.000000000000000e+00

Final Solver Statistics:
   Internal solver steps = 28330
   Total residual evaluations = 43775
   Total linear solver setups = 3831
   Total Jacobian evaluations = 3831
   Total error test failures = 2344
   Total nonlinear iterations = 43775
   Total nonlinear convergence failures = 6
