
2D Heat PDE test problem:
 --------------------------------- 
  nprocs         = 4
  npx            = 2
  npy            = 2
 --------------------------------- 
  kx             = 1
  ky             = 1
  forcing        = 1
  tf             = 1
  xu             = 1
  yu             = 1
  nx             = 64
  ny             = 64
  nxl (proc 0)   = 32
  nyl (proc 0)   = 32
  dx             = 0.015873
  dy             = 0.015873
 --------------------------------- 
  rtol           = 1e-05
  atol           = 1e-10
  order          = 3
  fixed h        = 0
  controller     = I
  linear         = 1
 --------------------------------- 
  linear solver  = PCG
  lin iters      = 10
  eps lin        = 0
  prec           = 1
  msbp           = 0
  pfmg_relax     = 2
  pfmg_nrelax    = 2
 --------------------------------- 
  output         = 1
 --------------------------------- 

          t                     ||u||_rms                max error      
 -----------------------------------------------------------------------
 0.000000000000000e+00    3.691406249999997e-01    0.000000000000000e+00
 5.000000000000000e-02    3.602986319515666e-01    5.774417378163754e-04
 1.000000000000000e-01    3.341368530141097e-01    6.828785378000246e-04
 1.500000000000000e-01    2.933115381502908e-01    6.834465932475942e-04
 2.000000000000000e-01    2.418304059015228e-01    5.956824900810176e-04
 2.500000000000000e-01    1.847580507423073e-01    4.904854280140536e-04
 3.000000000000000e-01    1.276800467719075e-01    3.730420783665256e-04
 3.500000000000000e-01    7.618633579943963e-02    2.614494043867710e-04
 4.000000000000000e-01    3.531279890667709e-02    1.536555802713890e-04
 4.500000000000000e-01    9.065923238325320e-03    7.497502459104938e-05
 4.999999999999999e-01    1.353785913539966e-05    2.797949497497867e-05
 5.499999999999999e-01    9.040670739921739e-03    1.812865242707337e-05
 6.000000000000000e-01    3.526610376743339e-02    4.911501140507368e-05
 6.500000000000000e-01    7.612132032625446e-02    1.154673176233245e-04
 7.000000000000001e-01    1.276079503121810e-01    2.129191472705627e-04
 7.500000000000001e-01    1.846845286344382e-01    3.276114734322433e-04
 8.000000000000002e-01    2.417645102530850e-01    4.496971047751597e-04
 8.500000000000002e-01    2.932638338225560e-01    5.762194355853900e-04
 9.000000000000002e-01    3.341365951895074e-01    6.818331433466884e-04
 9.500000000000003e-01    3.603849071331723e-01    7.643953647894497e-04
 1.000000000000000e+00    3.694337662741969e-01    8.004826062215642e-04
 -----------------------------------------------------------------------

Final integrator statistics:
  Steps            = 72
  Step attempts    = 75
  Error test fails = 3
  RHS evals        = 603
  NLS iters        = 300
  NLS fails        = 0
  LS iters         = 1969
  LS fails         = 0
  LS setups        = 72
  J evals          = 4

  Avg NLS iters per step attempt = 4.000000
  Avg LS iters per NLS iter      = 6.563333

  Max error = 8.004826062215642e-04
