
2D Heat PDE test problem:
 --------------------------------- 
  nprocs         = 4
  npx            = 2
  npy            = 2
 --------------------------------- 
  kx             = 1
  ky             = 1
  forcing        = 1
  tf             = 1
  xu             = 1
  yu             = 1
  nx             = 64
  ny             = 64
  nxl (proc 0)   = 32
  nyl (proc 0)   = 32
  dx             = 0.015873
  dy             = 0.015873
 --------------------------------- 
  rtol           = 1e-05
  atol           = 1e-10
  order          = 3
  fixed h        = 0
  controller     = I
  linear         = 1
 --------------------------------- 
  linear solver  = PCG
  lin iters      = 10
  matvec         = 0
  eps lin        = 0
  prec           = 1
  msbp           = 0
  pfmg_relax     = 2
  pfmg_nrelax    = 2
 --------------------------------- 
  output         = 1
 --------------------------------- 

          t                     ||u||_rms                max error      
 -----------------------------------------------------------------------
 0.000000000000000e+00    3.691406249999997e-01    0.000000000000000e+00
 5.000000000000000e-02    3.602986319433369e-01    5.774417511665852e-04
 1.000000000000000e-01    3.341368530121053e-01    6.828786619363925e-04
 1.500000000000000e-01    2.933115381458904e-01    6.834466224804325e-04
 2.000000000000000e-01    2.418304058987421e-01    5.956825062137794e-04
 2.500000000000000e-01    1.847580507428671e-01    4.904854448495866e-04
 3.000000000000000e-01    1.276800467709690e-01    3.730420634559528e-04
 3.500000000000000e-01    7.618633579807658e-02    2.614494148057145e-04
 4.000000000000000e-01    3.531279890605213e-02    1.536555923566107e-04
 4.500000000000000e-01    9.065923241306641e-03    7.497504680564759e-05
 4.999999999999999e-01    1.353785946450006e-05    2.797949584230550e-05
 5.499999999999999e-01    9.040670742044116e-03    1.812866539979002e-05
 6.000000000000000e-01    3.526610376198581e-02    4.911502422691449e-05
 6.500000000000000e-01    7.612132030538230e-02    1.154673246286375e-04
 7.000000000000001e-01    1.276079503455256e-01    2.129192741932573e-04
 7.500000000000001e-01    1.846845285847502e-01    3.276114353319981e-04
 8.000000000000002e-01    2.417645101894864e-01    4.496969658438488e-04
 8.500000000000002e-01    2.932638337577125e-01    5.762192949344547e-04
 9.000000000000002e-01    3.341365952977862e-01    6.818334623243105e-04
 9.500000000000003e-01    3.603849071165957e-01    7.643953549730798e-04
 1.000000000000000e+00    3.694337662732945e-01    8.004826142138377e-04
 -----------------------------------------------------------------------

Final integrator statistics:
  Steps            = 72
  Step attempts    = 75
  Error test fails = 3
  RHS evals        = 603
  NLS iters        = 300
  NLS fails        = 0
  LS iters         = 1719
  LS fails         = 0
  LS setups        = 72
  LS RHS evals     = 1719
  Jv products      = 1719

  Avg NLS iters per step attempt = 4.000000
  Avg LS iters per NLS iter      = 5.730000

  Preconditioner setups = 72
  Preconditioner solves = 1719
  PFMG iters            = 1719

  Max error = 8.004826142138377e-04
