
2D Heat PDE test problem:
 --------------------------------- 
  nprocs         = 4
  npx            = 2
  npy            = 2
 --------------------------------- 
  kx             = 1
  ky             = 1
  ax             = 1
  ay             = 1
  r              = 1
  tf             = 1
  xu             = 1
  yu             = 1
  nx             = 64
  ny             = 64
  nxl (proc 0)   = 32
  nyl (proc 0)   = 32
  dx             = 0.015873
  dy             = 0.015873
 --------------------------------- 
  rtol           = 1e-05
  atol           = 1e-10
  order          = 3
  hf             = 0
  controller     = I
  linear         = 0
 --------------------------------- 
  lin iters      = 10
  eps lin        = -1
  prectype       = 1
  msbp           = 0
  pfmg_relax     = 2
  pfmg_nrelax    = 2
 --------------------------------- 
  output         = 1
 --------------------------------- 

          t                     ||u||_rms      
 ----------------------------------------------
 0.000000000000000e+00    3.691406249999997e-01
 1.000000000000000e-01    5.162010527809695e-02
 2.000000000000000e-01    7.426092503742087e-03
 3.000000000000000e-01    1.067220393525256e-03
 4.000000000000000e-01    1.533635612818416e-04
 5.000000000000000e-01    2.203879950578182e-05
 6.000000000000000e-01    3.167029926084013e-06
 7.000000000000000e-01    4.550892160382949e-07
 7.999999999999999e-01    6.550682515607046e-08
 8.999999999999999e-01    1.019170738585640e-08
 1.000000000000000e+00    1.309644365205232e-09
 ----------------------------------------------

Final fast integrator statistics:
  Steps            = 399
  Step attempts    = 399
  Error test fails = 0
  Fe RHS evals     = 1598
  Fi RHS evals     = 3144
  NLS iters        = 1546
  NLS fails        = 0
  LS iters         = 4736
  LS fails         = 0
  LS setups        = 48
  Jv products      = 4736

  Avg NLS iters per step attempt = 3.874687
  Avg LS iters per NLS iter      = 3.063389

  Preconditioner setups = 48
  Preconditioner solves = 6073
  PFMG iters            = 6073

