
Particle traveling on the unit circle example
---------------------------------------------
alpha      = 1.0000e+00
num orbits = 100
---------------------------------------------
rtol       = 0.0001
atol       = 1e-09
proj sol   = 1
proj err   = 0
nout       = 0
tstop      = 0
---------------------------------------------

     t            x              y             err x          err y       err constr
0.0000e+00   1.000000e+00   0.000000e+00   0.000000e+00   0.000000e+00   0.000000e+00
6.2832e+02   9.998414e-01   1.781004e-02  -1.586114e-04   1.781004e-02   0.000000e+00

Integration Statistics:
Number of steps taken = 3524  
Number of function evaluations = 4103  
Number of linear solver setups = 374   
Number of Jacobian evaluations = 61    
Number of nonlinear solver iterations = 4100  
Number of convergence failures = 0     
Number of error test failures = 109   
